/tmp:
dvipdfmx.Kdlu1F
dvipdfmx.nLaSxP
dvipdfmx.TMygHL
dvipdfmx.VQaqmd
dvipdfmx.xM4FZx
dvipdfmx.z3r11I
dvipdfmx.zqh5qa
evince-6433
evince-6490
evince-6621
snap-private-tmp
systemd-private-0a8ff351823844d1a8e26a05b9dbc56b-colord.service-06JRUy
systemd-private-0a8ff351823844d1a8e26a05b9dbc56b-fwupd.service-CHiSOG
systemd-private-0a8ff351823844d1a8e26a05b9dbc56b-ModemManager.service-MrbUvN
systemd-private-0a8ff351823844d1a8e26a05b9dbc56b-polkit.service-hb0E81
systemd-private-0a8ff351823844d1a8e26a05b9dbc56b-power-profiles-daemon.service-71mDtV
systemd-private-0a8ff351823844d1a8e26a05b9dbc56b-switcheroo-control.service-DTN11Q
systemd-private-0a8ff351823844d1a8e26a05b9dbc56b-systemd-logind.service-B1ZGsY
systemd-private-0a8ff351823844d1a8e26a05b9dbc56b-systemd-oomd.service-KGZ2XS
systemd-private-0a8ff351823844d1a8e26a05b9dbc56b-systemd-resolved.service-JeHqq1
systemd-private-0a8ff351823844d1a8e26a05b9dbc56b-systemd-timesyncd.service-SbDwlD
systemd-private-0a8ff351823844d1a8e26a05b9dbc56b-upower.service-alODeN
VMwareDnD
vmware-root
vmware-root_826-2990547547
